Archive member included because of file (symbol)

c:/yagarto-20121222/bin/../lib/gcc/arm-none-eabi/4.7.2\libgcc.a(_udivsi3.o)
                              .obj/source/hardware/s5p6818-pwm.o (__aeabi_uidiv)
c:/yagarto-20121222/bin/../lib/gcc/arm-none-eabi/4.7.2\libgcc.a(_divsi3.o)
                              .obj/source/library/stdlib/div.o (__aeabi_idiv)
c:/yagarto-20121222/bin/../lib/gcc/arm-none-eabi/4.7.2\libgcc.a(_dvmd_tls.o)
                              c:/yagarto-20121222/bin/../lib/gcc/arm-none-eabi/4.7.2\libgcc.a(_udivsi3.o) (__aeabi_idiv0)
c:/yagarto-20121222/bin/../lib/gcc/arm-none-eabi/4.7.2\libgcc.a(_aeabi_ldivmod.o)
                              .obj/source/library/stdlib/lldiv.o (__aeabi_ldivmod)
c:/yagarto-20121222/bin/../lib/gcc/arm-none-eabi/4.7.2\libgcc.a(_aeabi_uldivmod.o)
                              .obj/source/hardware/s5p6818-clk.o (__aeabi_uldivmod)
c:/yagarto-20121222/bin/../lib/gcc/arm-none-eabi/4.7.2\libgcc.a(bpabi.o)
                              c:/yagarto-20121222/bin/../lib/gcc/arm-none-eabi/4.7.2\libgcc.a(_aeabi_ldivmod.o) (__gnu_ldivmod_helper)
c:/yagarto-20121222/bin/../lib/gcc/arm-none-eabi/4.7.2\libgcc.a(_divdi3.o)
                              c:/yagarto-20121222/bin/../lib/gcc/arm-none-eabi/4.7.2\libgcc.a(bpabi.o) (__divdi3)
c:/yagarto-20121222/bin/../lib/gcc/arm-none-eabi/4.7.2\libgcc.a(_udivdi3.o)
                              c:/yagarto-20121222/bin/../lib/gcc/arm-none-eabi/4.7.2\libgcc.a(bpabi.o) (__udivdi3)
c:/yagarto-20121222/bin/../lib/gcc/arm-none-eabi/4.7.2\libgcc.a(unwind-arm.o)
                              c:/yagarto-20121222/bin/../lib/gcc/arm-none-eabi/4.7.2\libgcc.a(_divdi3.o) (__aeabi_unwind_cpp_pr0)
c:/yagarto-20121222/bin/../lib/gcc/arm-none-eabi/4.7.2\libgcc.a(libunwind.o)
                              c:/yagarto-20121222/bin/../lib/gcc/arm-none-eabi/4.7.2\libgcc.a(unwind-arm.o) (restore_core_regs)
c:/yagarto-20121222/bin/../lib/gcc/arm-none-eabi/4.7.2\libgcc.a(pr-support.o)
                              c:/yagarto-20121222/bin/../lib/gcc/arm-none-eabi/4.7.2\libgcc.a(unwind-arm.o) (__gnu_unwind_execute)
c:/yagarto-20121222/bin/../lib/gcc/arm-none-eabi/4.7.2\libgcc.a(_clzsi2.o)
                              c:/yagarto-20121222/bin/../lib/gcc/arm-none-eabi/4.7.2\libgcc.a(_divdi3.o) (__clzsi2)

Allocating common symbols
Common symbol       size              file

key_st              0x1               .obj/source/tester-key-with-led.o

Memory Configuration

Name             Origin             Length             Attributes
rom              0x43c00000         0x02000000         xr
ram              0x45100000         0x0a000000         xrw
*default*        0x00000000         0xffffffff

Linker script and memory map

LOAD .obj/source/startup/start.o
LOAD .obj/source/arm/memcmp.o
LOAD .obj/source/arm/memcpy.o
LOAD .obj/source/arm/memmove.o
LOAD .obj/source/arm/memset.o
LOAD .obj/source/arm/strcmp.o
LOAD .obj/source/arm/strncmp.o
LOAD .obj/source/main.o
LOAD .obj/source/tester-key-with-led.o
LOAD .obj/source/hardware/hw-beep.o
LOAD .obj/source/hardware/hw-key.o
LOAD .obj/source/hardware/hw-led.o
LOAD .obj/source/hardware/s5p6818-alv.o
LOAD .obj/source/hardware/s5p6818-clk.o
LOAD .obj/source/hardware/s5p6818-fb.o
LOAD .obj/source/hardware/s5p6818-gpio.o
LOAD .obj/source/hardware/s5p6818-irq.o
LOAD .obj/source/hardware/s5p6818-pwm.o
LOAD .obj/source/hardware/s5p6818-rstcon.o
LOAD .obj/source/hardware/s5p6818-serial-stdio.o
LOAD .obj/source/hardware/s5p6818-serial.o
LOAD .obj/source/hardware/s5p6818-tick-delay.o
LOAD .obj/source/hardware/s5p6818-tick.o
LOAD .obj/source/hardware/s5p6818-timer.o
LOAD .obj/source/hardware/clk/clk-divider.o
LOAD .obj/source/hardware/clk/clk-fixed-factor.o
LOAD .obj/source/hardware/clk/clk-fixed.o
LOAD .obj/source/hardware/clk/clk-gate.o
LOAD .obj/source/hardware/clk/clk-link.o
LOAD .obj/source/hardware/clk/clk-mux.o
LOAD .obj/source/hardware/clk/clk-pll.o
LOAD .obj/source/hardware/clk/clk.o
LOAD .obj/source/hardware/gpio/gpio.o
LOAD .obj/source/hardware/interrupt/interrupt.o
LOAD .obj/source/hardware/pwm/pwm.o
LOAD .obj/source/arm/cp15.o
LOAD .obj/source/library/ctype/ctype.o
LOAD .obj/source/library/ctype/isalnum.o
LOAD .obj/source/library/ctype/isalpha.o
LOAD .obj/source/library/ctype/isascii.o
LOAD .obj/source/library/ctype/isblank.o
LOAD .obj/source/library/ctype/iscntrl.o
LOAD .obj/source/library/ctype/isdigit.o
LOAD .obj/source/library/ctype/isgraph.o
LOAD .obj/source/library/ctype/islower.o
LOAD .obj/source/library/ctype/isprint.o
LOAD .obj/source/library/ctype/ispunct.o
LOAD .obj/source/library/ctype/isspace.o
LOAD .obj/source/library/ctype/isupper.o
LOAD .obj/source/library/ctype/isxdigit.o
LOAD .obj/source/library/ctype/toascii.o
LOAD .obj/source/library/ctype/tolower.o
LOAD .obj/source/library/ctype/toupper.o
LOAD .obj/source/library/errno/errno.o
LOAD .obj/source/library/errno/strerror.o
LOAD .obj/source/library/exit/abort.o
LOAD .obj/source/library/exit/assert.o
LOAD .obj/source/library/exit/exit.o
LOAD .obj/source/library/malloc/malloc.o
LOAD .obj/source/library/stdlib/abs.o
LOAD .obj/source/library/stdlib/atof.o
LOAD .obj/source/library/stdlib/atoi.o
LOAD .obj/source/library/stdlib/atol.o
LOAD .obj/source/library/stdlib/atoll.o
LOAD .obj/source/library/stdlib/bsearch.o
LOAD .obj/source/library/stdlib/div.o
LOAD .obj/source/library/stdlib/labs.o
LOAD .obj/source/library/stdlib/ldiv.o
LOAD .obj/source/library/stdlib/llabs.o
LOAD .obj/source/library/stdlib/lldiv.o
LOAD .obj/source/library/stdlib/qsort.o
LOAD .obj/source/library/stdlib/rand.o
LOAD .obj/source/library/stdlib/strntoimax.o
LOAD .obj/source/library/stdlib/strntoumax.o
LOAD .obj/source/library/stdlib/strtod.o
LOAD .obj/source/library/stdlib/strtoimax.o
LOAD .obj/source/library/stdlib/strtol.o
LOAD .obj/source/library/stdlib/strtoll.o
LOAD .obj/source/library/stdlib/strtoul.o
LOAD .obj/source/library/stdlib/strtoull.o
LOAD .obj/source/library/stdlib/strtoumax.o
LOAD .obj/source/library/string/memchr.o
LOAD .obj/source/library/string/memcmp.o
LOAD .obj/source/library/string/memcpy.o
LOAD .obj/source/library/string/memmove.o
LOAD .obj/source/library/string/memscan.o
LOAD .obj/source/library/string/memset.o
LOAD .obj/source/library/string/strcasecmp.o
LOAD .obj/source/library/string/strcat.o
LOAD .obj/source/library/string/strchr.o
LOAD .obj/source/library/string/strcmp.o
LOAD .obj/source/library/string/strcoll.o
LOAD .obj/source/library/string/strcpy.o
LOAD .obj/source/library/string/strcspn.o
LOAD .obj/source/library/string/strdup.o
LOAD .obj/source/library/string/strlcat.o
LOAD .obj/source/library/string/strlcpy.o
LOAD .obj/source/library/string/strlen.o
LOAD .obj/source/library/string/strncasecmp.o
LOAD .obj/source/library/string/strncat.o
LOAD .obj/source/library/string/strnchr.o
LOAD .obj/source/library/string/strncmp.o
LOAD .obj/source/library/string/strncpy.o
LOAD .obj/source/library/string/strnicmp.o
LOAD .obj/source/library/string/strnlen.o
LOAD .obj/source/library/string/strnstr.o
LOAD .obj/source/library/string/strpbrk.o
LOAD .obj/source/library/string/strrchr.o
LOAD .obj/source/library/string/strsep.o
LOAD .obj/source/library/string/strspn.o
LOAD .obj/source/library/string/strstr.o
LOAD .obj/source/library/stdio/snprintf.o
LOAD .obj/source/library/stdio/sprintf.o
LOAD .obj/source/library/stdio/sscanf.o
LOAD .obj/source/library/stdio/vsnprintf.o
LOAD .obj/source/library/stdio/vsscanf.o
LOAD .obj/source/library/math/acos.o
LOAD .obj/source/library/math/acosf.o
LOAD .obj/source/library/math/asin.o
LOAD .obj/source/library/math/asinf.o
LOAD .obj/source/library/math/atan.o
LOAD .obj/source/library/math/atan2.o
LOAD .obj/source/library/math/atan2f.o
LOAD .obj/source/library/math/atanf.o
LOAD .obj/source/library/math/ceil.o
LOAD .obj/source/library/math/ceilf.o
LOAD .obj/source/library/math/copysign.o
LOAD .obj/source/library/math/copysignf.o
LOAD .obj/source/library/math/cos.o
LOAD .obj/source/library/math/cosf.o
LOAD .obj/source/library/math/cosh.o
LOAD .obj/source/library/math/coshf.o
LOAD .obj/source/library/math/e_rem_pio2.o
LOAD .obj/source/library/math/e_rem_pio2f.o
LOAD .obj/source/library/math/exp.o
LOAD .obj/source/library/math/expf.o
LOAD .obj/source/library/math/expm1.o
LOAD .obj/source/library/math/expm1f.o
LOAD .obj/source/library/math/fabs.o
LOAD .obj/source/library/math/fabsf.o
LOAD .obj/source/library/math/floor.o
LOAD .obj/source/library/math/floorf.o
LOAD .obj/source/library/math/fmod.o
LOAD .obj/source/library/math/fmodf.o
LOAD .obj/source/library/math/frexp.o
LOAD .obj/source/library/math/frexpf.o
LOAD .obj/source/library/math/hypot.o
LOAD .obj/source/library/math/hypotf.o
LOAD .obj/source/library/math/k_cos.o
LOAD .obj/source/library/math/k_cosf.o
LOAD .obj/source/library/math/k_rem_pio2.o
LOAD .obj/source/library/math/k_rem_pio2f.o
LOAD .obj/source/library/math/k_sin.o
LOAD .obj/source/library/math/k_sinf.o
LOAD .obj/source/library/math/k_tan.o
LOAD .obj/source/library/math/k_tanf.o
LOAD .obj/source/library/math/log.o
LOAD .obj/source/library/math/log10.o
LOAD .obj/source/library/math/log10f.o
LOAD .obj/source/library/math/logf.o
LOAD .obj/source/library/math/modf.o
LOAD .obj/source/library/math/modff.o
LOAD .obj/source/library/math/pow.o
LOAD .obj/source/library/math/powf.o
LOAD .obj/source/library/math/scalbn.o
LOAD .obj/source/library/math/scalbnf.o
LOAD .obj/source/library/math/sin.o
LOAD .obj/source/library/math/sinf.o
LOAD .obj/source/library/math/sinh.o
LOAD .obj/source/library/math/sinhf.o
LOAD .obj/source/library/math/sqrt.o
LOAD .obj/source/library/math/sqrtf.o
LOAD .obj/source/library/math/tan.o
LOAD .obj/source/library/math/tanf.o
LOAD .obj/source/library/math/tanh.o
LOAD .obj/source/library/math/tanhf.o
LOAD .obj/source/graphic/color.o
LOAD .obj/source/graphic/maps.o
LOAD .obj/source/graphic/pixel.o
LOAD .obj/source/graphic/rect.o
LOAD .obj/source/graphic/surface.o
LOAD .obj/source/graphic/maps/software/sw_blit.o
LOAD .obj/source/graphic/maps/software/sw_blit_alpha.o
LOAD .obj/source/graphic/maps/software/sw_blit_replace.o
LOAD .obj/source/graphic/maps/software/sw_fill.o
LOAD .obj/source/graphic/maps/software/sw_hline.o
LOAD .obj/source/graphic/maps/software/sw_point.o
LOAD .obj/source/graphic/maps/software/sw_rotate.o
LOAD .obj/source/graphic/maps/software/sw_scale.o
LOAD .obj/source/graphic/maps/software/sw_utils.o
LOAD .obj/source/graphic/maps/software/sw_vline.o
LOAD c:/yagarto-20121222/bin/../lib/gcc/arm-none-eabi/4.7.2\libgcc.a
                0x00040000                STACK_UND_SIZE = 0x40000
                0x00040000                STACK_ABT_SIZE = 0x40000
                0x00040000                STACK_IRQ_SIZE = 0x40000
                0x00040000                STACK_FIQ_SIZE = 0x40000
                0x00100000                STACK_SRV_SIZE = 0x100000

.text           0x43c00000    0x23f14
                0x43c00000                PROVIDE (__image_start, .)
                0x43c00000                PROVIDE (__text_start, .)
 .obj/source/startup/start.o(.text)
 .text          0x43c00000      0x340 .obj/source/startup/start.o
                0x43c00000                _start
                0x43c00280                irq
 *(.text*)
 .text          0x43c00340       0x30 .obj/source/arm/memcmp.o
                0x43c00340                memcmp
 .text          0x43c00370      0x490 .obj/source/arm/memcpy.o
                0x43c00370                memcpy
 .text          0x43c00800      0x490 .obj/source/arm/memmove.o
                0x43c00800                memmove
 .text          0x43c00c90       0xb0 .obj/source/arm/memset.o
                0x43c00c90                memset
 .text          0x43c00d40       0x20 .obj/source/arm/strcmp.o
                0x43c00d40                strcmp
 .text          0x43c00d60       0x40 .obj/source/arm/strncmp.o
                0x43c00d60                strncmp
 .text          0x43c00da0        0x0 .obj/source/main.o
 .text.startup  0x43c00da0       0x54 .obj/source/main.o
                0x43c00da0                main
 .text          0x43c00df4      0xdac .obj/source/tester-key-with-led.o
                0x43c00df4                led_all_off
                0x43c00e2c                led_all_on
                0x43c00e64                init_stat
                0x43c00efc                tester_reset
                0x43c0100c                system_stage
                0x43c010c4                show_group_number
                0x43c011ec                show_first_name_Lea
                0x43c01314                show_first_name_req
                0x43c0143c                show_first_name_log
                0x43c01564                show_first_name_opt
                0x43c0168c                show_first_name_sho
                0x43c017b4                interrupt_group_order
                0x43c0188c                interrupt_stage_change
                0x43c01af8                key_status_change
                0x43c01b1c                tester_key_led_beep
 .text          0x43c01ba0       0x6c .obj/source/hardware/hw-beep.o
                0x43c01ba0                beep_initial
                0x43c01bd8                beep_set_status
 .text          0x43c01c0c      0x148 .obj/source/hardware/hw-key.o
                0x43c01c0c                key_initial
                0x43c01c54                get_key_status
                0x43c01cfc                get_key_event
 .text          0x43c01d54      0x154 .obj/source/hardware/hw-led.o
                0x43c01d54                led_initial
                0x43c01e1c                led_set_status
 .text          0x43c01ea8      0x1b0 .obj/source/hardware/s5p6818-alv.o
                0x43c02040                s5p6818_gpiochip_alv_init
                0x43c0204c                s5p6818_gpiochip_alv_exit
 .text          0x43c02058      0x4f4 .obj/source/hardware/s5p6818-clk.o
                0x43c0215c                s5p6818_clk_init
                0x43c023d0                s5p6818_clk_exit
 .text          0x43c0254c      0x838 .obj/source/hardware/s5p6818-fb.o
                0x43c02644                s5p6818_fb_initial
                0x43c02cf0                s5p6818_screen_surface
                0x43c02cfc                s5p6818_screen_swap
                0x43c02d20                s5p6818_screen_flush
                0x43c02d5c                s5p6818_screen_backlight
 .text          0x43c02d84      0x83c .obj/source/hardware/s5p6818-gpio.o
                0x43c031f8                s5p6818_gpiochip_init
                0x43c03524                s5p6818_gpiochip_exit
 .text          0x43c035c0      0xb68 .obj/source/hardware/s5p6818-irq.o
                0x43c03e7c                do_irq
                0x43c03eb4                s5p6818_irq_init
                0x43c040f0                s5p6818_irq_exit
 .text          0x43c04128      0x51c .obj/source/hardware/s5p6818-pwm.o
                0x43c044b0                s5p6818_pwm_init
                0x43c045c4                s5p6818_pwm_exit
 .text          0x43c04644      0x130 .obj/source/hardware/s5p6818-rstcon.o
                0x43c04654                s5p6818_ip_reset
 .text          0x43c04774       0x98 .obj/source/hardware/s5p6818-serial-stdio.o
                0x43c04774                serial_printf
 *fill*         0x43c0480c        0x4 
 .text          0x43c04810      0x780 .obj/source/hardware/s5p6818-serial.o
                0x43c04810                s5p6818_serial_setup
                0x43c04c8c                s5p6818_serial_initial
                0x43c04e20                s5p6818_serial_read
                0x43c04ea0                s5p6818_serial_write
                0x43c04f10                s5p6818_serial_write_string
 .text          0x43c04f90      0x1bc .obj/source/hardware/s5p6818-tick-delay.o
                0x43c04f90                __delay
                0x43c04fc4                udelay
                0x43c05014                mdelay
                0x43c05060                s5p6818_tick_delay_initial
 .text          0x43c0514c      0x104 .obj/source/hardware/s5p6818-tick.o
                0x43c05168                s5p6818_tick_initial
                0x43c051f4                get_system_hz
                0x43c05204                clock_gettime
 .text          0x43c05250      0x2e0 .obj/source/hardware/s5p6818-timer.o
                0x43c05250                s5p6818_timer_reset
                0x43c0525c                s5p6818_timer_start
                0x43c05320                s5p6818_timer_stop
                0x43c053a8                s5p6818_timer_calc_tin
                0x43c054b0                s5p6818_timer_count
                0x43c054e4                s5p6818_timer_read
                0x43c0550c                s5p6818_timer_irq_clear
 .text          0x43c05530      0x1bc .obj/source/hardware/clk/clk-divider.o
                0x43c055e4                clk_divider_register
                0x43c056a4                clk_divider_unregister
 .text          0x43c056ec      0x174 .obj/source/hardware/clk/clk-fixed-factor.o
                0x43c05740                clk_fixed_factor_register
                0x43c05818                clk_fixed_factor_unregister
 .text          0x43c05860      0x130 .obj/source/hardware/clk/clk-fixed.o
                0x43c0588c                clk_fixed_register
                0x43c05948                clk_fixed_unregister
 .text          0x43c05990      0x1b4 .obj/source/hardware/clk/clk-gate.o
                0x43c05a3c                clk_gate_register
                0x43c05afc                clk_gate_unregister
 .text          0x43c05b44      0x134 .obj/source/hardware/clk/clk-link.o
                0x43c05b70                clk_link_register
                0x43c05c30                clk_link_unregister
 .text          0x43c05c78      0x214 .obj/source/hardware/clk/clk-mux.o
                0x43c05d84                clk_mux_register
                0x43c05e44                clk_mux_unregister
 .text          0x43c05e8c      0x188 .obj/source/hardware/clk/clk-pll.o
                0x43c05f0c                clk_pll_register
                0x43c05fcc                clk_pll_unregister
 .text          0x43c06014      0xb78 .obj/source/hardware/clk/clk.o
                0x43c06014                clk_search
                0x43c0608c                clk_register
                0x43c06138                clk_unregister
                0x43c061d4                clk_set_parent
                0x43c062c8                clk_get_parent
                0x43c06344                clk_enable
                0x43c06604                clk_disable
                0x43c066b0                clk_status
                0x43c06760                clk_get_rate
                0x43c06a50                clk_set_rate
 .text          0x43c06b8c      0x950 .obj/source/hardware/gpio/gpio.o
                0x43c06b8c                search_gpiochip
                0x43c06c04                register_gpiochip
                0x43c06cb0                unregister_gpiochip
                0x43c06d4c                gpio_is_valid
                0x43c06db8                gpio_set_cfg
                0x43c06e38                gpio_get_cfg
                0x43c06eb8                gpio_set_pull
                0x43c06f38                gpio_get_pull
                0x43c06fb8                gpio_set_drv
                0x43c07038                gpio_get_drv
                0x43c070b8                gpio_set_rate
                0x43c07138                gpio_get_rate
                0x43c071b8                gpio_set_direction
                0x43c07238                gpio_get_direction
                0x43c072b8                gpio_set_value
                0x43c07338                gpio_get_value
                0x43c073b8                gpio_direction_output
                0x43c0745c                gpio_direction_input
 .text          0x43c074dc      0x454 .obj/source/hardware/interrupt/interrupt.o
                0x43c074e0                irq_register
                0x43c075cc                irq_unregister
                0x43c076ac                request_irq
                0x43c07788                free_irq
                0x43c07840                enable_irq
                0x43c078b8                disable_irq
 .text          0x43c07930      0x2b4 .obj/source/hardware/pwm/pwm.o
                0x43c07930                search_pwm
                0x43c079a8                register_pwm
                0x43c07a68                unregister_pwm
                0x43c07b04                pwm_config
                0x43c07b7c                pwm_enable
                0x43c07bb0                pwm_disable
 .text          0x43c07be4      0x1b8 .obj/source/arm/cp15.o
                0x43c07be4                irq_enable
                0x43c07bf4                irq_disable
                0x43c07c04                fiq_enable
                0x43c07c14                fiq_disable
                0x43c07c24                icache_enable
                0x43c07c38                icache_disable
                0x43c07c4c                icache_status
                0x43c07c58                dcache_enable
                0x43c07c6c                dcache_disable
                0x43c07c80                dcache_status
                0x43c07c8c                wbuffer_enable
                0x43c07ca0                wbuffer_disable
                0x43c07cb4                wbuffer_status
                0x43c07cc0                mmu_enable
                0x43c07cd4                mmu_disable
                0x43c07ce8                mmu_status
                0x43c07cf4                vic_enable
                0x43c07d08                vic_disable
                0x43c07d1c                vic_status
                0x43c07d28                branch_enable
                0x43c07d3c                branch_disable
                0x43c07d50                branch_status
                0x43c07d5c                ttb_set
                0x43c07d64                ttb_get
                0x43c07d6c                domain_set
                0x43c07d74                domain_get
                0x43c07d7c                tlb_invalidate
                0x43c07d90                smp_processor_id
 .text          0x43c07d9c        0x0 .obj/source/library/ctype/ctype.o
 .text          0x43c07d9c       0x20 .obj/source/library/ctype/isalnum.o
                0x43c07d9c                isalnum
 .text          0x43c07dbc       0x20 .obj/source/library/ctype/isalpha.o
                0x43c07dbc                isalpha
 .text          0x43c07ddc       0x10 .obj/source/library/ctype/isascii.o
                0x43c07ddc                isascii
 .text          0x43c07dec       0x14 .obj/source/library/ctype/isblank.o
                0x43c07dec                isblank
 .text          0x43c07e00       0x24 .obj/source/library/ctype/iscntrl.o
                0x43c07e00                iscntrl
 .text          0x43c07e24       0x24 .obj/source/library/ctype/isdigit.o
                0x43c07e24                isdigit
 .text          0x43c07e48       0x20 .obj/source/library/ctype/isgraph.o
                0x43c07e48                isgraph
 .text          0x43c07e68       0x24 .obj/source/library/ctype/islower.o
                0x43c07e68                islower
 .text          0x43c07e8c       0x20 .obj/source/library/ctype/isprint.o
                0x43c07e8c                isprint
 .text          0x43c07eac       0x24 .obj/source/library/ctype/ispunct.o
                0x43c07eac                ispunct
 .text          0x43c07ed0       0x24 .obj/source/library/ctype/isspace.o
                0x43c07ed0                isspace
 .text          0x43c07ef4       0x20 .obj/source/library/ctype/isupper.o
                0x43c07ef4                isupper
 .text          0x43c07f14       0x20 .obj/source/library/ctype/isxdigit.o
                0x43c07f14                isxdigit
 .text          0x43c07f34        0x8 .obj/source/library/ctype/toascii.o
                0x43c07f34                toascii
 .text          0x43c07f3c       0x1c .obj/source/library/ctype/tolower.o
                0x43c07f3c                tolower
 .text          0x43c07f58       0x1c .obj/source/library/ctype/toupper.o
                0x43c07f58                toupper
 .text          0x43c07f74        0xc .obj/source/library/errno/errno.o
                0x43c07f74                __runtime_errno_location
 .text          0x43c07f80       0x20 .obj/source/library/errno/strerror.o
                0x43c07f80                strerror
 .text          0x43c07fa0        0x4 .obj/source/library/exit/abort.o
                0x43c07fa0                abort
 .text          0x43c07fa4        0x4 .obj/source/library/exit/assert.o
                0x43c07fa4                __assert_fail
 .text          0x43c07fa8        0x4 .obj/source/library/exit/exit.o
                0x43c07fa8                exit
 .text          0x43c07fac      0xec4 .obj/source/library/malloc/malloc.o
                0x43c08634                memory_pool_create
                0x43c0881c                memory_pool_destroy
                0x43c08820                memory_pool_stat
                0x43c0889c                malloc_init
                0x43c089b4                malloc_exit
                0x43c089b8                malloc
                0x43c089cc                memalign
                0x43c08c0c                realloc
                0x43c08e24                calloc
                0x43c08e5c                free
 .text          0x43c08e70        0xc .obj/source/library/stdlib/abs.o
                0x43c08e70                abs
 .text          0x43c08e7c        0x8 .obj/source/library/stdlib/atof.o
                0x43c08e7c                atof
 .text          0x43c08e84        0xc .obj/source/library/stdlib/atoi.o
                0x43c08e84                atoi
 .text          0x43c08e90        0xc .obj/source/library/stdlib/atol.o
                0x43c08e90                atol
 .text          0x43c08e9c        0xc .obj/source/library/stdlib/atoll.o
                0x43c08e9c                atoll
 .text          0x43c08ea8       0x70 .obj/source/library/stdlib/bsearch.o
                0x43c08ea8                bsearch
 .text          0x43c08f18       0x38 .obj/source/library/stdlib/div.o
                0x43c08f18                div
 .text          0x43c08f50        0xc .obj/source/library/stdlib/labs.o
                0x43c08f50                labs
 .text          0x43c08f5c       0x38 .obj/source/library/stdlib/ldiv.o
                0x43c08f5c                ldiv
 .text          0x43c08f94       0x2c .obj/source/library/stdlib/llabs.o
                0x43c08f94                llabs
 .text          0x43c08fc0       0x4c .obj/source/library/stdlib/lldiv.o
                0x43c08fc0                lldiv
 .text          0x43c0900c     0x1240 .obj/source/library/stdlib/qsort.o
                0x43c0900c                qsort
 *fill*         0x43c0a24c        0x4 
 .text          0x43c0a250       0xb0 .obj/source/library/stdlib/rand.o
                0x43c0a250                rand
                0x43c0a2e0                srand
 .text          0x43c0a300        0x4 .obj/source/library/stdlib/strntoimax.o
                0x43c0a300                strntoimax
 .text          0x43c0a304      0x1cc .obj/source/library/stdlib/strntoumax.o
                0x43c0a304                strntoumax
 .text          0x43c0a4d0      0x240 .obj/source/library/stdlib/strtod.o
                0x43c0a4d0                strtod
 .text          0x43c0a710      0x440 .obj/source/library/stdlib/strtoimax.o
                0x43c0a710                strtoimax
 .text          0x43c0ab50      0x24c .obj/source/library/stdlib/strtol.o
                0x43c0ab50                strtol
 *fill*         0x43c0ad9c        0x4 
 .text          0x43c0ada0      0x440 .obj/source/library/stdlib/strtoll.o
                0x43c0ada0                strtoll
 .text          0x43c0b1e0      0x1d8 .obj/source/library/stdlib/strtoul.o
                0x43c0b1e0                strtoul
 .text          0x43c0b3b8      0x2c0 .obj/source/library/stdlib/strtoull.o
                0x43c0b3b8                strtoull
 .text          0x43c0b678      0x29c .obj/source/library/stdlib/strtoumax.o
                0x43c0b678                strtoumax
 .text          0x43c0b914       0x30 .obj/source/library/string/memchr.o
                0x43c0b914                memchr
 .text          0x43c0b944       0x54 .obj/source/library/string/memcmp.o
 .text          0x43c0b998       0xa8 .obj/source/library/string/memcpy.o
 .text          0x43c0ba40       0xdc .obj/source/library/string/memmove.o
 .text          0x43c0bb1c       0x40 .obj/source/library/string/memscan.o
                0x43c0bb1c                memscan
 .text          0x43c0bb5c      0x234 .obj/source/library/string/memset.o
 .text          0x43c0bd90       0x40 .obj/source/library/string/strcasecmp.o
                0x43c0bd90                strcasecmp
 .text          0x43c0bdd0       0x44 .obj/source/library/string/strcat.o
                0x43c0bdd0                strcat
 .text          0x43c0be14       0x48 .obj/source/library/string/strchr.o
                0x43c0be14                strchr
 .text          0x43c0be5c       0x20 .obj/source/library/string/strcmp.o
 .text          0x43c0be7c        0x4 .obj/source/library/string/strcoll.o
                0x43c0be7c                strcoll
 .text          0x43c0be80       0x1c .obj/source/library/string/strcpy.o
                0x43c0be80                strcpy
 .text          0x43c0be9c       0x68 .obj/source/library/string/strcspn.o
                0x43c0be9c                strcspn
 .text          0x43c0bf04       0x30 .obj/source/library/string/strdup.o
                0x43c0bf04                strdup
 .text          0x43c0bf34       0x58 .obj/source/library/string/strlcat.o
                0x43c0bf34                strlcat
 .text          0x43c0bf8c       0x50 .obj/source/library/string/strlcpy.o
                0x43c0bf8c                strlcpy
 .text          0x43c0bfdc       0x34 .obj/source/library/string/strlen.o
                0x43c0bfdc                strlen
 .text          0x43c0c010       0x54 .obj/source/library/string/strncasecmp.o
                0x43c0c010                strncasecmp
 .text          0x43c0c064       0x60 .obj/source/library/string/strncat.o
                0x43c0c064                strncat
 .text          0x43c0c0c4       0x80 .obj/source/library/string/strnchr.o
                0x43c0c0c4                strnchr
 .text          0x43c0c144       0x78 .obj/source/library/string/strncmp.o
 .text          0x43c0c1bc       0x38 .obj/source/library/string/strncpy.o
                0x43c0c1bc                strncpy
 .text          0x43c0c1f4       0x7c .obj/source/library/string/strnicmp.o
                0x43c0c1f4                strnicmp
 .text          0x43c0c270       0x64 .obj/source/library/string/strnlen.o
                0x43c0c270                strnlen
 .text          0x43c0c2d4       0x68 .obj/source/library/string/strnstr.o
                0x43c0c2d4                strnstr
 .text          0x43c0c33c       0x60 .obj/source/library/string/strpbrk.o
                0x43c0c33c                strpbrk
 .text          0x43c0c39c       0x3c .obj/source/library/string/strrchr.o
                0x43c0c39c                strrchr
 .text          0x43c0c3d8       0x34 .obj/source/library/string/strsep.o
                0x43c0c3d8                strsep
 .text          0x43c0c40c       0x70 .obj/source/library/string/strspn.o
                0x43c0c40c                strspn
 .text          0x43c0c47c       0x70 .obj/source/library/string/strstr.o
                0x43c0c47c                strstr
 .text          0x43c0c4ec       0x30 .obj/source/library/stdio/snprintf.o
                0x43c0c4ec                snprintf
 .text          0x43c0c51c       0x34 .obj/source/library/stdio/sprintf.o
                0x43c0c51c                sprintf
 .text          0x43c0c550       0x30 .obj/source/library/stdio/sscanf.o
                0x43c0c550                sscanf
 .text          0x43c0c580     0x1ee8 .obj/source/library/stdio/vsnprintf.o
                0x43c0d684                vsnprintf
 .text          0x43c0e468      0xb74 .obj/source/library/stdio/vsscanf.o
                0x43c0e468                vsscanf
 *fill*         0x43c0efdc        0x4 
 .text          0x43c0efe0      0x290 .obj/source/library/math/acos.o
                0x43c0efe0                acos
 .text          0x43c0f270      0x238 .obj/source/library/math/acosf.o
                0x43c0f270                acosf
 .text          0x43c0f4a8      0x240 .obj/source/library/math/asin.o
                0x43c0f4a8                asin
 .text          0x43c0f6e8      0x1ec .obj/source/library/math/asinf.o
                0x43c0f6e8                asinf
 *fill*         0x43c0f8d4        0x4 
 .text          0x43c0f8d8      0x268 .obj/source/library/math/atan.o
                0x43c0f8d8                atan
 .text          0x43c0fb40      0x230 .obj/source/library/math/atan2.o
                0x43c0fb40                atan2
 .text          0x43c0fd70      0x1d4 .obj/source/library/math/atan2f.o
                0x43c0fd70                atan2f
 .text          0x43c0ff44      0x1f0 .obj/source/library/math/atanf.o
                0x43c0ff44                atanf
 *fill*         0x43c10134        0x4 
 .text          0x43c10138      0x158 .obj/source/library/math/ceil.o
                0x43c10138                ceil
 .text          0x43c10290       0xa4 .obj/source/library/math/ceilf.o
                0x43c10290                ceilf
 .text          0x43c10334       0x10 .obj/source/library/math/copysign.o
                0x43c10334                copysign
 .text          0x43c10344       0x10 .obj/source/library/math/copysignf.o
                0x43c10344                copysignf
 .text          0x43c10354       0xf4 .obj/source/library/math/cos.o
                0x43c10354                cos
 .text          0x43c10448      0x208 .obj/source/library/math/cosf.o
                0x43c10448                cosf
 .text          0x43c10650      0x138 .obj/source/library/math/cosh.o
                0x43c10650                cosh
 .text          0x43c10788      0x114 .obj/source/library/math/coshf.o
                0x43c10788                coshf
 *fill*         0x43c1089c        0x4 
 .text          0x43c108a0      0x330 .obj/source/library/math/e_rem_pio2.o
                0x43c108a0                __ieee754_rem_pio2
 .text          0x43c10bd0      0x168 .obj/source/library/math/e_rem_pio2f.o
                0x43c10bd0                __ieee754_rem_pio2f
 .text          0x43c10d38      0x270 .obj/source/library/math/exp.o
                0x43c10d38                exp
 .text          0x43c10fa8      0x204 .obj/source/library/math/expf.o
                0x43c10fa8                expf
 *fill*         0x43c111ac        0x4 
 .text          0x43c111b0      0x340 .obj/source/library/math/expm1.o
                0x43c111b0                expm1
 .text          0x43c114f0      0x2c0 .obj/source/library/math/expm1f.o
                0x43c114f0                expm1f
 .text          0x43c117b0        0x8 .obj/source/library/math/fabs.o
                0x43c117b0                fabs
 .text          0x43c117b8        0x8 .obj/source/library/math/fabsf.o
                0x43c117b8                fabsf
 .text          0x43c117c0      0x160 .obj/source/library/math/floor.o
                0x43c117c0                floor
 .text          0x43c11920       0xb4 .obj/source/library/math/floorf.o
                0x43c11920                floorf
 .text          0x43c119d4      0x360 .obj/source/library/math/fmod.o
                0x43c119d4                fmod
 .text          0x43c11d34      0x18c .obj/source/library/math/fmodf.o
                0x43c11d34                fmodf
 .text          0x43c11ec0       0x88 .obj/source/library/math/frexp.o
                0x43c11ec0                frexp
 .text          0x43c11f48       0x84 .obj/source/library/math/frexpf.o
                0x43c11f48                frexpf
 .text          0x43c11fcc      0x1e4 .obj/source/library/math/hypot.o
                0x43c11fcc                hypot
 .text          0x43c121b0      0x170 .obj/source/library/math/hypotf.o
                0x43c121b0                hypotf
 .text          0x43c12320       0x90 .obj/source/library/math/k_cos.o
                0x43c12320                __kernel_cos
 .text          0x43c123b0       0x58 .obj/source/library/math/k_cosf.o
                0x43c123b0                __kernel_cosdf
 .text          0x43c12408      0x938 .obj/source/library/math/k_rem_pio2.o
                0x43c12408                __kernel_rem_pio2
 .text          0x43c12d40      0xee8 .obj/source/library/math/k_rem_pio2f.o
                0x43c12d40                __kernel_rem_pio2f
 .text          0x43c13c28       0xa8 .obj/source/library/math/k_sin.o
                0x43c13c28                __kernel_sin
 .text          0x43c13cd0       0x58 .obj/source/library/math/k_sinf.o
                0x43c13cd0                __kernel_sindf
 .text          0x43c13d28      0x1c0 .obj/source/library/math/k_tan.o
                0x43c13d28                __kernel_tan
 .text          0x43c13ee8       0x88 .obj/source/library/math/k_tanf.o
                0x43c13ee8                __kernel_tandf
 .text          0x43c13f70      0x250 .obj/source/library/math/log.o
                0x43c13f70                log
 .text          0x43c141c0       0xf0 .obj/source/library/math/log10.o
                0x43c141c0                log10
 .text          0x43c142b0       0xd0 .obj/source/library/math/log10f.o
                0x43c142b0                log10f
 .text          0x43c14380      0x1f8 .obj/source/library/math/logf.o
                0x43c14380                logf
 .text          0x43c14578       0xf4 .obj/source/library/math/modf.o
                0x43c14578                modf
 .text          0x43c1466c       0x64 .obj/source/library/math/modff.o
                0x43c1466c                modff
 .text          0x43c146d0      0x770 .obj/source/library/math/pow.o
                0x43c146d0                pow
 .text          0x43c14e40      0x5b4 .obj/source/library/math/powf.o
                0x43c14e40                powf
 *fill*         0x43c153f4        0x4 
 .text          0x43c153f8      0x168 .obj/source/library/math/scalbn.o
                0x43c153f8                scalbn
                0x43c15558                ldexp
 .text          0x43c15560      0x134 .obj/source/library/math/scalbnf.o
                0x43c15560                scalbnf
                0x43c15690                ldexpf
 .text          0x43c15694      0x12c .obj/source/library/math/sin.o
                0x43c15694                sin
 .text          0x43c157c0      0x218 .obj/source/library/math/sinf.o
                0x43c157c0                sinf
 .text          0x43c159d8      0x178 .obj/source/library/math/sinh.o
                0x43c159d8                sinh
 .text          0x43c15b50      0x134 .obj/source/library/math/sinhf.o
                0x43c15b50                sinhf
 *fill*         0x43c15c84        0x4 
 .text          0x43c15c88      0x208 .obj/source/library/math/sqrt.o
                0x43c15c88                sqrt
 .text          0x43c15e90      0x128 .obj/source/library/math/sqrtf.o
                0x43c15e90                sqrtf
 .text          0x43c15fb8       0xb8 .obj/source/library/math/tan.o
                0x43c15fb8                tan
 .text          0x43c16070      0x1b8 .obj/source/library/math/tanf.o
                0x43c16070                tanf
 .text          0x43c16228       0xd8 .obj/source/library/math/tanh.o
                0x43c16228                tanh
 .text          0x43c16300       0xdc .obj/source/library/math/tanhf.o
                0x43c16300                tanhf
 .text          0x43c163dc      0x3a0 .obj/source/graphic/color.o
                0x43c163dc                get_named_color
                0x43c1642c                color_init_rgb
                0x43c16444                color_init_rgba
                0x43c1645c                color_init_colstr
 .text          0x43c1677c       0xac .obj/source/graphic/maps.o
                0x43c1677c                surface_set_maps
 .text          0x43c16828      0x7c0 .obj/source/graphic/pixel.o
                0x43c16828                get_pixel_format
                0x43c16bcc                set_pixel_info
                0x43c16eb0                map_pixel_color
                0x43c16f2c                unmap_pixel_color
 .text          0x43c16fe8      0xc34 .obj/source/graphic/rect.o
                0x43c16fe8                rect_is_empty
                0x43c17010                rect_is_equal
                0x43c17060                rect_has_intersection
                0x43c170dc                rect_intersect
                0x43c17170                rect_union
                0x43c171ec                rect_enclose_points
                0x43c1740c                rect_intersect_with_line
                0x43c179a8                rect_align
 .text          0x43c17c1c      0x320 .obj/source/graphic/surface.o
                0x43c17c1c                surface_alloc
                0x43c17d44                surface_alloc_from_gimage
                0x43c17d88                surface_free
                0x43c17dc0                surface_set_clip_rect
                0x43c17e30                surface_get_clip_rect
                0x43c17e5c                surface_map_color
                0x43c17e74                surface_unmap_color
                0x43c17e84                surface_fill
                0x43c17eac                surface_blit
                0x43c17eec                surface_scale
                0x43c17f14                surface_rotate
 .text          0x43c17f3c      0x19c .obj/source/graphic/maps/software/sw_blit.o
                0x43c17f3c                map_software_blit
 .text          0x43c180d8      0x1d0 .obj/source/graphic/maps/software/sw_blit_alpha.o
                0x43c180d8                sw_blit_alpha
 .text          0x43c182a8     0x5d60 .obj/source/graphic/maps/software/sw_blit_replace.o
                0x43c182a8                sw_blit_replace
 .text          0x43c1e008     0x1690 .obj/source/graphic/maps/software/sw_fill.o
                0x43c1e008                map_software_fill
 .text          0x43c1f698        0x8 .obj/source/graphic/maps/software/sw_hline.o
                0x43c1f698                map_software_hline
 .text          0x43c1f6a0       0xc4 .obj/source/graphic/maps/software/sw_point.o
                0x43c1f6a0                map_software_point
 *fill*         0x43c1f764        0x4 
 .text          0x43c1f768     0x1480 .obj/source/graphic/maps/software/sw_rotate.o
                0x43c1f768                map_software_rotate
 .text          0x43c20be8      0xb0c .obj/source/graphic/maps/software/sw_scale.o
                0x43c20be8                map_software_scale
 .text          0x43c216f4      0x440 .obj/source/graphic/maps/software/sw_utils.o
                0x43c216f4                surface_sw_get_pointer
                0x43c2177c                surface_sw_get_pixel
                0x43c2181c                surface_sw_set_pixel
                0x43c218b8                surface_sw_set_pixel_with_alpha
 .text          0x43c21b34        0x8 .obj/source/graphic/maps/software/sw_vline.o
                0x43c21b34                map_software_vline
 .text          0x43c21b3c      0x114 c:/yagarto-20121222/bin/../lib/gcc/arm-none-eabi/4.7.2\libgcc.a(_udivsi3.o)
                0x43c21b3c                __aeabi_uidiv
                0x43c21b3c                __udivsi3
                0x43c21c30                __aeabi_uidivmod
 .text          0x43c21c50      0x148 c:/yagarto-20121222/bin/../lib/gcc/arm-none-eabi/4.7.2\libgcc.a(_divsi3.o)
                0x43c21c50                __divsi3
                0x43c21c50                __aeabi_idiv
                0x43c21d78                __aeabi_idivmod
 .text          0x43c21d98        0x4 c:/yagarto-20121222/bin/../lib/gcc/arm-none-eabi/4.7.2\libgcc.a(_dvmd_tls.o)
                0x43c21d98                __aeabi_idiv0
                0x43c21d98                __aeabi_ldiv0
 .text          0x43c21d9c       0x44 c:/yagarto-20121222/bin/../lib/gcc/arm-none-eabi/4.7.2\libgcc.a(_aeabi_ldivmod.o)
                0x43c21d9c                __aeabi_ldivmod
 .text          0x43c21de0       0x3c c:/yagarto-20121222/bin/../lib/gcc/arm-none-eabi/4.7.2\libgcc.a(_aeabi_uldivmod.o)
                0x43c21de0                __aeabi_uldivmod
 .text          0x43c21e1c       0x84 c:/yagarto-20121222/bin/../lib/gcc/arm-none-eabi/4.7.2\libgcc.a(bpabi.o)
                0x43c21e1c                __gnu_ldivmod_helper
                0x43c21e60                __gnu_uldivmod_helper
 .text          0x43c21ea0      0x4f8 c:/yagarto-20121222/bin/../lib/gcc/arm-none-eabi/4.7.2\libgcc.a(_divdi3.o)
                0x43c21ea0                __divdi3
 .text          0x43c22398      0x498 c:/yagarto-20121222/bin/../lib/gcc/arm-none-eabi/4.7.2\libgcc.a(_udivdi3.o)
                0x43c22398                __udivdi3
 .text          0x43c22830      0xfb0 c:/yagarto-20121222/bin/../lib/gcc/arm-none-eabi/4.7.2\libgcc.a(unwind-arm.o)
                0x43c22cb8                _Unwind_GetCFA
                0x43c22cc0                __gnu_Unwind_RaiseException
                0x43c22d6c                __gnu_Unwind_ForcedUnwind
                0x43c22d90                __gnu_Unwind_Resume
                0x43c22e08                __gnu_Unwind_Resume_or_Rethrow
                0x43c22e28                _Unwind_Complete
                0x43c22e2c                _Unwind_DeleteException
                0x43c22e50                _Unwind_VRS_Get
                0x43c22ec4                _Unwind_VRS_Set
                0x43c23368                __aeabi_unwind_cpp_pr2
                0x43c23370                __aeabi_unwind_cpp_pr1
                0x43c23378                __aeabi_unwind_cpp_pr0
                0x43c23380                __gnu_Unwind_Backtrace
                0x43c2344c                _Unwind_VRS_Pop
 .text          0x43c237e0      0x1b0 c:/yagarto-20121222/bin/../lib/gcc/arm-none-eabi/4.7.2\libgcc.a(libunwind.o)
                0x43c237e0                __restore_core_regs
                0x43c237e0                restore_core_regs
                0x43c237fc                __gnu_Unwind_Restore_VFP
                0x43c23804                __gnu_Unwind_Save_VFP
                0x43c2380c                __gnu_Unwind_Restore_VFP_D
                0x43c23814                __gnu_Unwind_Save_VFP_D
                0x43c2381c                __gnu_Unwind_Restore_VFP_D_16_to_31
                0x43c23824                __gnu_Unwind_Save_VFP_D_16_to_31
                0x43c2382c                __gnu_Unwind_Restore_WMMXD
                0x43c23870                __gnu_Unwind_Save_WMMXD
                0x43c238b4                __gnu_Unwind_Restore_WMMXC
                0x43c238c8                __gnu_Unwind_Save_WMMXC
                0x43c238dc                ___Unwind_RaiseException
                0x43c238dc                _Unwind_RaiseException
                0x43c23900                _Unwind_Resume
                0x43c23900                ___Unwind_Resume
                0x43c23924                _Unwind_Resume_or_Rethrow
                0x43c23924                ___Unwind_Resume_or_Rethrow
                0x43c23948                _Unwind_ForcedUnwind
                0x43c23948                ___Unwind_ForcedUnwind
                0x43c2396c                ___Unwind_Backtrace
                0x43c2396c                _Unwind_Backtrace
 .text          0x43c23990      0x53c c:/yagarto-20121222/bin/../lib/gcc/arm-none-eabi/4.7.2\libgcc.a(pr-support.o)
                0x43c23a24                __gnu_unwind_execute
                0x43c23e40                __gnu_unwind_frame
                0x43c23e88                _Unwind_GetRegionStart
                0x43c23e9c                _Unwind_GetLanguageSpecificData
                0x43c23ebc                _Unwind_GetDataRelBase
                0x43c23ec4                _Unwind_GetTextRelBase
 .text          0x43c23ecc       0x48 c:/yagarto-20121222/bin/../lib/gcc/arm-none-eabi/4.7.2\libgcc.a(_clzsi2.o)
                0x43c23ecc                __clzsi2
 *(.glue*)
 .glue_7        0x00000000        0x0 linker stubs
 .glue_7t       0x00000000        0x0 linker stubs
 *(.init.text)
 *(.exit.text)
                0x43c23f14                PROVIDE (__text_end, .)

.vfp11_veneer   0x43c23f14        0x0
 .vfp11_veneer  0x00000000        0x0 linker stubs

.v4_bx          0x43c23f14        0x0
 .v4_bx         0x00000000        0x0 linker stubs

.iplt           0x43c23f14        0x0
 .iplt          0x00000000        0x0 .obj/source/startup/start.o

.rodata         0x43c23f18     0x1dc0
                0x43c23f18                PROVIDE (__rodata_start, .)
 *(SORT(.rodata*))
 .rodata        0x43c23f18        0x8 .obj/source/hardware/s5p6818-alv.o
 .rodata        0x43c23f20       0x10 .obj/source/hardware/s5p6818-gpio.o
 .rodata        0x43c23f30       0x70 .obj/source/hardware/s5p6818-serial.o
 .rodata        0x43c23fa0       0x10 .obj/source/hardware/s5p6818-timer.o
 .rodata        0x43c23fb0      0x108 .obj/source/library/ctype/ctype.o
                0x43c23fb0                __const_ctype
 .rodata        0x43c240b8       0x88 .obj/source/library/errno/strerror.o
 .rodata        0x43c24140       0x30 .obj/source/library/stdio/vsnprintf.o
 .rodata        0x43c24170       0x40 .obj/source/library/math/atan.o
 .rodata        0x43c241b0       0x20 .obj/source/library/math/atanf.o
 .rodata        0x43c241d0      0x188 .obj/source/library/math/e_rem_pio2.o
 .rodata        0x43c24358      0x108 .obj/source/library/math/e_rem_pio2f.o
 .rodata        0x43c24460       0x30 .obj/source/library/math/exp.o
 .rodata        0x43c24490       0x18 .obj/source/library/math/expf.o
 .rodata        0x43c244a8       0x10 .obj/source/library/math/fmod.o
 .rodata        0x43c244b8        0x8 .obj/source/library/math/fmodf.o
 .rodata        0x43c244c0       0x50 .obj/source/library/math/k_rem_pio2.o
 .rodata        0x43c24510       0x40 .obj/source/library/math/k_rem_pio2f.o
 .rodata        0x43c24550       0x30 .obj/source/library/math/pow.o
 .rodata        0x43c24580       0x18 .obj/source/library/math/powf.o
 .rodata        0x43c24598      0x4a0 .obj/source/graphic/color.o
 .rodata.str1.4
                0x43c24a38       0x10 .obj/source/tester-key-with-led.o
 .rodata.str1.4
                0x43c24a48        0x8 .obj/source/hardware/s5p6818-alv.o
 .rodata.str1.4
                0x43c24a50      0x24f .obj/source/hardware/s5p6818-clk.o
                                0x250 (size before relaxing)
 *fill*         0x43c24c9f        0x1 
 .rodata.str1.4
                0x43c24ca0        0x5 .obj/source/hardware/s5p6818-fb.o
                                  0x8 (size before relaxing)
 *fill*         0x43c24ca5        0x3 
 .rodata.str1.4
                0x43c24ca8       0x26 .obj/source/hardware/s5p6818-gpio.o
                                 0x28 (size before relaxing)
 *fill*         0x43c24cce        0x2 
 .rodata.str1.4
                0x43c24cd0      0x70d .obj/source/hardware/s5p6818-irq.o
                                0x750 (size before relaxing)
 *fill*         0x43c253dd        0x3 
 .rodata.str1.4
                0x43c253e0       0x15 .obj/source/hardware/s5p6818-pwm.o
                                 0x48 (size before relaxing)
 .rodata.str1.4
                0x00000000       0x30 .obj/source/hardware/s5p6818-serial.o
 .rodata.str1.4
                0x00000000        0x8 .obj/source/hardware/s5p6818-tick.o
 .rodata.str1.4
                0x00000000       0x30 .obj/source/hardware/s5p6818-timer.o
 *fill*         0x43c253f5        0x3 
 .rodata.str1.4
                0x43c253f8      0x2f1 .obj/source/library/errno/strerror.o
                                0x2f4 (size before relaxing)
 *fill*         0x43c256e9        0x3 
 .rodata.str1.4
                0x43c256ec        0x7 .obj/source/library/stdio/vsnprintf.o
                                  0x8 (size before relaxing)
 *fill*         0x43c256f3        0x1 
 .rodata.str1.4
                0x43c256f4      0x5e4 .obj/source/graphic/color.o
                                0x6a0 (size before relaxing)
                0x43c25cd8                PROVIDE (__rodata_end, .)

.data_shadow    0x43c25cd8        0x0
                0x43c25cd8                PROVIDE (__data_shadow_start, .)
                0x43c27808                PROVIDE (__data_shadow_end, (. + SIZEOF (.data)))
                0x43c25cd8                PROVIDE (__image_end, .)

.data           0x45100000     0x1b30 load address 0x43c25cd8
                0x45100000                PROVIDE (__data_start, .)
 *(.data*)
 .data          0x45100000        0x0 .obj/source/startup/start.o
 .data          0x45100000        0x0 .obj/source/arm/memcmp.o
 .data          0x45100000        0x0 .obj/source/arm/memcpy.o
 .data          0x45100000        0x0 .obj/source/arm/memmove.o
 .data          0x45100000        0x0 .obj/source/arm/memset.o
 .data          0x45100000        0x0 .obj/source/arm/strcmp.o
 .data          0x45100000        0x0 .obj/source/arm/strncmp.o
 .data          0x45100000        0x0 .obj/source/main.o
 .data          0x45100000        0x0 .obj/source/tester-key-with-led.o
 .data          0x45100000        0x0 .obj/source/hardware/hw-beep.o
 .data          0x45100000        0x0 .obj/source/hardware/hw-key.o
 .data          0x45100000        0x0 .obj/source/hardware/hw-led.o
 .data          0x45100000       0x44 .obj/source/hardware/s5p6818-alv.o
                0x45100000                gpiochip_alv
 *fill*         0x45100044        0x4 
 .data          0x45100048      0x410 .obj/source/hardware/s5p6818-clk.o
 .data          0x45100458       0xbc .obj/source/hardware/s5p6818-fb.o
 .data          0x45100514       0x50 .obj/source/hardware/s5p6818-gpio.o
 .data          0x45100564     0x1548 .obj/source/hardware/s5p6818-irq.o
 .data          0x45101aac       0x50 .obj/source/hardware/s5p6818-pwm.o
 .data          0x45101afc        0x0 .obj/source/hardware/s5p6818-rstcon.o
 .data          0x45101afc        0x0 .obj/source/hardware/s5p6818-serial-stdio.o
 .data          0x45101afc        0x0 .obj/source/hardware/s5p6818-serial.o
 .data          0x45101afc        0x0 .obj/source/hardware/s5p6818-tick-delay.o
 .data          0x45101afc        0x0 .obj/source/hardware/s5p6818-tick.o
 .data          0x45101afc        0x0 .obj/source/hardware/s5p6818-timer.o
 .data          0x45101afc        0x0 .obj/source/hardware/clk/clk-divider.o
 .data          0x45101afc        0x0 .obj/source/hardware/clk/clk-fixed-factor.o
 .data          0x45101afc        0x0 .obj/source/hardware/clk/clk-fixed.o
 .data          0x45101afc        0x0 .obj/source/hardware/clk/clk-gate.o
 .data          0x45101afc        0x0 .obj/source/hardware/clk/clk-link.o
 .data          0x45101afc        0x0 .obj/source/hardware/clk/clk-mux.o
 .data          0x45101afc        0x0 .obj/source/hardware/clk/clk-pll.o
 .data          0x45101afc        0xc .obj/source/hardware/clk/clk.o
 .data          0x45101b08        0xc .obj/source/hardware/gpio/gpio.o
                0x45101b08                __gpiochip_list
 .data          0x45101b14        0xc .obj/source/hardware/interrupt/interrupt.o
                0x45101b14                __irq_list
 .data          0x45101b20        0xc .obj/source/hardware/pwm/pwm.o
                0x45101b20                __pwm_list
 .data          0x45101b2c        0x0 .obj/source/arm/cp15.o
 .data          0x45101b2c        0x0 .obj/source/library/ctype/ctype.o
 .data          0x45101b2c        0x0 .obj/source/library/ctype/isalnum.o
 .data          0x45101b2c        0x0 .obj/source/library/ctype/isalpha.o
 .data          0x45101b2c        0x0 .obj/source/library/ctype/isascii.o
 .data          0x45101b2c        0x0 .obj/source/library/ctype/isblank.o
 .data          0x45101b2c        0x0 .obj/source/library/ctype/iscntrl.o
 .data          0x45101b2c        0x0 .obj/source/library/ctype/isdigit.o
 .data          0x45101b2c        0x0 .obj/source/library/ctype/isgraph.o
 .data          0x45101b2c        0x0 .obj/source/library/ctype/islower.o
 .data          0x45101b2c        0x0 .obj/source/library/ctype/isprint.o
 .data          0x45101b2c        0x0 .obj/source/library/ctype/ispunct.o
 .data          0x45101b2c        0x0 .obj/source/library/ctype/isspace.o
 .data          0x45101b2c        0x0 .obj/source/library/ctype/isupper.o
 .data          0x45101b2c        0x0 .obj/source/library/ctype/isxdigit.o
 .data          0x45101b2c        0x0 .obj/source/library/ctype/toascii.o
 .data          0x45101b2c        0x0 .obj/source/library/ctype/tolower.o
 .data          0x45101b2c        0x0 .obj/source/library/ctype/toupper.o
 .data          0x45101b2c        0x0 .obj/source/library/errno/errno.o
 .data          0x45101b2c        0x0 .obj/source/library/errno/strerror.o
 .data          0x45101b2c        0x0 .obj/source/library/exit/abort.o
 .data          0x45101b2c        0x0 .obj/source/library/exit/assert.o
 .data          0x45101b2c        0x0 .obj/source/library/exit/exit.o
 .data          0x45101b2c        0x0 .obj/source/library/malloc/malloc.o
 .data          0x45101b2c        0x0 .obj/source/library/stdlib/abs.o
 .data          0x45101b2c        0x0 .obj/source/library/stdlib/atof.o
 .data          0x45101b2c        0x0 .obj/source/library/stdlib/atoi.o
 .data          0x45101b2c        0x0 .obj/source/library/stdlib/atol.o
 .data          0x45101b2c        0x0 .obj/source/library/stdlib/atoll.o
 .data          0x45101b2c        0x0 .obj/source/library/stdlib/bsearch.o
 .data          0x45101b2c        0x0 .obj/source/library/stdlib/div.o
 .data          0x45101b2c        0x0 .obj/source/library/stdlib/labs.o
 .data          0x45101b2c        0x0 .obj/source/library/stdlib/ldiv.o
 .data          0x45101b2c        0x0 .obj/source/library/stdlib/llabs.o
 .data          0x45101b2c        0x0 .obj/source/library/stdlib/lldiv.o
 .data          0x45101b2c        0x0 .obj/source/library/stdlib/qsort.o
 .data          0x45101b2c        0x0 .obj/source/library/stdlib/rand.o
 .data          0x45101b2c        0x0 .obj/source/library/stdlib/strntoimax.o
 .data          0x45101b2c        0x0 .obj/source/library/stdlib/strntoumax.o
 .data          0x45101b2c        0x0 .obj/source/library/stdlib/strtod.o
 .data          0x45101b2c        0x0 .obj/source/library/stdlib/strtoimax.o
 .data          0x45101b2c        0x0 .obj/source/library/stdlib/strtol.o
 .data          0x45101b2c        0x0 .obj/source/library/stdlib/strtoll.o
 .data          0x45101b2c        0x0 .obj/source/library/stdlib/strtoul.o
 .data          0x45101b2c        0x0 .obj/source/library/stdlib/strtoull.o
 .data          0x45101b2c        0x0 .obj/source/library/stdlib/strtoumax.o
 .data          0x45101b2c        0x0 .obj/source/library/string/memchr.o
 .data          0x45101b2c        0x0 .obj/source/library/string/memcmp.o
 .data          0x45101b2c        0x0 .obj/source/library/string/memcpy.o
 .data          0x45101b2c        0x0 .obj/source/library/string/memmove.o
 .data          0x45101b2c        0x0 .obj/source/library/string/memscan.o
 .data          0x45101b2c        0x0 .obj/source/library/string/memset.o
 .data          0x45101b2c        0x0 .obj/source/library/string/strcasecmp.o
 .data          0x45101b2c        0x0 .obj/source/library/string/strcat.o
 .data          0x45101b2c        0x0 .obj/source/library/string/strchr.o
 .data          0x45101b2c        0x0 .obj/source/library/string/strcmp.o
 .data          0x45101b2c        0x0 .obj/source/library/string/strcoll.o
 .data          0x45101b2c        0x0 .obj/source/library/string/strcpy.o
 .data          0x45101b2c        0x0 .obj/source/library/string/strcspn.o
 .data          0x45101b2c        0x0 .obj/source/library/string/strdup.o
 .data          0x45101b2c        0x0 .obj/source/library/string/strlcat.o
 .data          0x45101b2c        0x0 .obj/source/library/string/strlcpy.o
 .data          0x45101b2c        0x0 .obj/source/library/string/strlen.o
 .data          0x45101b2c        0x0 .obj/source/library/string/strncasecmp.o
 .data          0x45101b2c        0x0 .obj/source/library/string/strncat.o
 .data          0x45101b2c        0x0 .obj/source/library/string/strnchr.o
 .data          0x45101b2c        0x0 .obj/source/library/string/strncmp.o
 .data          0x45101b2c        0x0 .obj/source/library/string/strncpy.o
 .data          0x45101b2c        0x0 .obj/source/library/string/strnicmp.o
 .data          0x45101b2c        0x0 .obj/source/library/string/strnlen.o
 .data          0x45101b2c        0x0 .obj/source/library/string/strnstr.o
 .data          0x45101b2c        0x0 .obj/source/library/string/strpbrk.o
 .data          0x45101b2c        0x0 .obj/source/library/string/strrchr.o
 .data          0x45101b2c        0x0 .obj/source/library/string/strsep.o
 .data          0x45101b2c        0x0 .obj/source/library/string/strspn.o
 .data          0x45101b2c        0x0 .obj/source/library/string/strstr.o
 .data          0x45101b2c        0x0 .obj/source/library/stdio/snprintf.o
 .data          0x45101b2c        0x0 .obj/source/library/stdio/sprintf.o
 .data          0x45101b2c        0x0 .obj/source/library/stdio/sscanf.o
 .data          0x45101b2c        0x0 .obj/source/library/stdio/vsnprintf.o
 .data          0x45101b2c        0x0 .obj/source/library/stdio/vsscanf.o
 .data          0x45101b2c        0x0 .obj/source/library/math/acos.o
 .data          0x45101b2c        0x0 .obj/source/library/math/acosf.o
 .data          0x45101b2c        0x0 .obj/source/library/math/asin.o
 .data          0x45101b2c        0x0 .obj/source/library/math/asinf.o
 .data          0x45101b2c        0x0 .obj/source/library/math/atan.o
 .data          0x45101b2c        0x0 .obj/source/library/math/atan2.o
 .data          0x45101b2c        0x0 .obj/source/library/math/atan2f.o
 .data          0x45101b2c        0x0 .obj/source/library/math/atanf.o
 .data          0x45101b2c        0x0 .obj/source/library/math/ceil.o
 .data          0x45101b2c        0x0 .obj/source/library/math/ceilf.o
 .data          0x45101b2c        0x0 .obj/source/library/math/copysign.o
 .data          0x45101b2c        0x0 .obj/source/library/math/copysignf.o
 .data          0x45101b2c        0x0 .obj/source/library/math/cos.o
 .data          0x45101b2c        0x0 .obj/source/library/math/cosf.o
 .data          0x45101b2c        0x0 .obj/source/library/math/cosh.o
 .data          0x45101b2c        0x0 .obj/source/library/math/coshf.o
 .data          0x45101b2c        0x0 .obj/source/library/math/e_rem_pio2.o
 .data          0x45101b2c        0x0 .obj/source/library/math/e_rem_pio2f.o
 .data          0x45101b2c        0x0 .obj/source/library/math/exp.o
 .data          0x45101b2c        0x0 .obj/source/library/math/expf.o
 .data          0x45101b2c        0x0 .obj/source/library/math/expm1.o
 .data          0x45101b2c        0x0 .obj/source/library/math/expm1f.o
 .data          0x45101b2c        0x0 .obj/source/library/math/fabs.o
 .data          0x45101b2c        0x0 .obj/source/library/math/fabsf.o
 .data          0x45101b2c        0x0 .obj/source/library/math/floor.o
 .data          0x45101b2c        0x0 .obj/source/library/math/floorf.o
 .data          0x45101b2c        0x0 .obj/source/library/math/fmod.o
 .data          0x45101b2c        0x0 .obj/source/library/math/fmodf.o
 .data          0x45101b2c        0x0 .obj/source/library/math/frexp.o
 .data          0x45101b2c        0x0 .obj/source/library/math/frexpf.o
 .data          0x45101b2c        0x0 .obj/source/library/math/hypot.o
 .data          0x45101b2c        0x0 .obj/source/library/math/hypotf.o
 .data          0x45101b2c        0x0 .obj/source/library/math/k_cos.o
 .data          0x45101b2c        0x0 .obj/source/library/math/k_cosf.o
 .data          0x45101b2c        0x0 .obj/source/library/math/k_rem_pio2.o
 .data          0x45101b2c        0x0 .obj/source/library/math/k_rem_pio2f.o
 .data          0x45101b2c        0x0 .obj/source/library/math/k_sin.o
 .data          0x45101b2c        0x0 .obj/source/library/math/k_sinf.o
 .data          0x45101b2c        0x0 .obj/source/library/math/k_tan.o
 .data          0x45101b2c        0x0 .obj/source/library/math/k_tanf.o
 .data          0x45101b2c        0x0 .obj/source/library/math/log.o
 .data          0x45101b2c        0x0 .obj/source/library/math/log10.o
 .data          0x45101b2c        0x0 .obj/source/library/math/log10f.o
 .data          0x45101b2c        0x0 .obj/source/library/math/logf.o
 .data          0x45101b2c        0x0 .obj/source/library/math/modf.o
 .data          0x45101b2c        0x0 .obj/source/library/math/modff.o
 .data          0x45101b2c        0x0 .obj/source/library/math/pow.o
 .data          0x45101b2c        0x0 .obj/source/library/math/powf.o
 .data          0x45101b2c        0x0 .obj/source/library/math/scalbn.o
 .data          0x45101b2c        0x0 .obj/source/library/math/scalbnf.o
 .data          0x45101b2c        0x0 .obj/source/library/math/sin.o
 .data          0x45101b2c        0x0 .obj/source/library/math/sinf.o
 .data          0x45101b2c        0x0 .obj/source/library/math/sinh.o
 .data          0x45101b2c        0x0 .obj/source/library/math/sinhf.o
 .data          0x45101b2c        0x0 .obj/source/library/math/sqrt.o
 .data          0x45101b2c        0x0 .obj/source/library/math/sqrtf.o
 .data          0x45101b2c        0x0 .obj/source/library/math/tan.o
 .data          0x45101b2c        0x0 .obj/source/library/math/tanf.o
 .data          0x45101b2c        0x0 .obj/source/library/math/tanh.o
 .data          0x45101b2c        0x0 .obj/source/library/math/tanhf.o
 .data          0x45101b2c        0x0 .obj/source/graphic/color.o
 .data          0x45101b2c        0x0 .obj/source/graphic/maps.o
 .data          0x45101b2c        0x0 .obj/source/graphic/pixel.o
 .data          0x45101b2c        0x0 .obj/source/graphic/rect.o
 .data          0x45101b2c        0x0 .obj/source/graphic/surface.o
 .data          0x45101b2c        0x0 .obj/source/graphic/maps/software/sw_blit.o
 .data          0x45101b2c        0x0 .obj/source/graphic/maps/software/sw_blit_alpha.o
 .data          0x45101b2c        0x0 .obj/source/graphic/maps/software/sw_blit_replace.o
 .data          0x45101b2c        0x0 .obj/source/graphic/maps/software/sw_fill.o
 .data          0x45101b2c        0x0 .obj/source/graphic/maps/software/sw_hline.o
 .data          0x45101b2c        0x0 .obj/source/graphic/maps/software/sw_point.o
 .data          0x45101b2c        0x0 .obj/source/graphic/maps/software/sw_rotate.o
 .data          0x45101b2c        0x0 .obj/source/graphic/maps/software/sw_scale.o
 .data          0x45101b2c        0x0 .obj/source/graphic/maps/software/sw_utils.o
 .data          0x45101b2c        0x0 .obj/source/graphic/maps/software/sw_vline.o
 .data          0x45101b2c        0x0 c:/yagarto-20121222/bin/../lib/gcc/arm-none-eabi/4.7.2\libgcc.a(_udivsi3.o)
 .data          0x45101b2c        0x0 c:/yagarto-20121222/bin/../lib/gcc/arm-none-eabi/4.7.2\libgcc.a(_divsi3.o)
 .data          0x45101b2c        0x0 c:/yagarto-20121222/bin/../lib/gcc/arm-none-eabi/4.7.2\libgcc.a(_dvmd_tls.o)
 .data          0x45101b2c        0x0 c:/yagarto-20121222/bin/../lib/gcc/arm-none-eabi/4.7.2\libgcc.a(_aeabi_ldivmod.o)
 .data          0x45101b2c        0x0 c:/yagarto-20121222/bin/../lib/gcc/arm-none-eabi/4.7.2\libgcc.a(_aeabi_uldivmod.o)
 .data          0x45101b2c        0x0 c:/yagarto-20121222/bin/../lib/gcc/arm-none-eabi/4.7.2\libgcc.a(bpabi.o)
 .data          0x45101b2c        0x0 c:/yagarto-20121222/bin/../lib/gcc/arm-none-eabi/4.7.2\libgcc.a(_divdi3.o)
 .data          0x45101b2c        0x0 c:/yagarto-20121222/bin/../lib/gcc/arm-none-eabi/4.7.2\libgcc.a(_udivdi3.o)
 .data          0x45101b2c        0x0 c:/yagarto-20121222/bin/../lib/gcc/arm-none-eabi/4.7.2\libgcc.a(unwind-arm.o)
 .data          0x45101b2c        0x0 c:/yagarto-20121222/bin/../lib/gcc/arm-none-eabi/4.7.2\libgcc.a(libunwind.o)
 .data          0x45101b2c        0x0 c:/yagarto-20121222/bin/../lib/gcc/arm-none-eabi/4.7.2\libgcc.a(pr-support.o)
 .data          0x45101b2c        0x0 c:/yagarto-20121222/bin/../lib/gcc/arm-none-eabi/4.7.2\libgcc.a(_clzsi2.o)
                0x45101b30                . = ALIGN (0x8)
 *fill*         0x45101b2c        0x4 
                0x45101b30                PROVIDE (__data_end, .)

.igot.plt       0x45101b30        0x0 load address 0x43c27808
 .igot.plt      0x00000000        0x0 .obj/source/startup/start.o

.ARM.exidx      0x45101b30       0xd0 load address 0x43c27808
                0x45101b30                PROVIDE (__exidx_start, .)
 *(.ARM.exidx*)
 .ARM.exidx     0x45101b30        0x8 c:/yagarto-20121222/bin/../lib/gcc/arm-none-eabi/4.7.2\libgcc.a(_divdi3.o)
 .ARM.exidx     0x45101b38        0x0 c:/yagarto-20121222/bin/../lib/gcc/arm-none-eabi/4.7.2\libgcc.a(_udivdi3.o)
                                  0x8 (size before relaxing)
 .ARM.exidx     0x45101b38       0x90 c:/yagarto-20121222/bin/../lib/gcc/arm-none-eabi/4.7.2\libgcc.a(unwind-arm.o)
                                 0xd8 (size before relaxing)
 .ARM.exidx     0x45101bc8       0x38 c:/yagarto-20121222/bin/../lib/gcc/arm-none-eabi/4.7.2\libgcc.a(pr-support.o)
                                 0x48 (size before relaxing)
                0x45101c00                PROVIDE (__exidx_end, .)

.ARM.extab      0x45101c00       0x30 load address 0x43c278d8
                0x45101c00                PROVIDE (__extab_start, .)
 *(.ARM.extab*)
 .ARM.extab     0x45101c00        0x0 c:/yagarto-20121222/bin/../lib/gcc/arm-none-eabi/4.7.2\libgcc.a(_divdi3.o)
 .ARM.extab     0x45101c00        0x0 c:/yagarto-20121222/bin/../lib/gcc/arm-none-eabi/4.7.2\libgcc.a(_udivdi3.o)
 .ARM.extab     0x45101c00       0x18 c:/yagarto-20121222/bin/../lib/gcc/arm-none-eabi/4.7.2\libgcc.a(unwind-arm.o)
 .ARM.extab     0x45101c18       0x18 c:/yagarto-20121222/bin/../lib/gcc/arm-none-eabi/4.7.2\libgcc.a(pr-support.o)
                0x45101c30                PROVIDE (__extab_end, .)

.rel.dyn        0x45101c30        0x0 load address 0x43c27908
 .rel.iplt      0x00000000        0x0 .obj/source/startup/start.o

.bss            0x45101c30   0x4b08c0 load address 0x43c27908
                0x45101c30                PROVIDE (__bss_start, .)
 *(.bss*)
 .bss           0x45101c30        0x0 .obj/source/startup/start.o
 .bss           0x45101c30        0x0 .obj/source/arm/memcmp.o
 .bss           0x45101c30        0x0 .obj/source/arm/memcpy.o
 .bss           0x45101c30        0x0 .obj/source/arm/memmove.o
 .bss           0x45101c30        0x0 .obj/source/arm/memset.o
 .bss           0x45101c30        0x0 .obj/source/arm/strcmp.o
 .bss           0x45101c30        0x0 .obj/source/arm/strncmp.o
 .bss           0x45101c30        0x0 .obj/source/main.o
 .bss           0x45101c30        0x0 .obj/source/tester-key-with-led.o
 .bss           0x45101c30        0x0 .obj/source/hardware/hw-beep.o
 .bss           0x45101c30       0x10 .obj/source/hardware/hw-key.o
 .bss           0x45101c40        0x0 .obj/source/hardware/hw-led.o
 .bss           0x45101c40        0x0 .obj/source/hardware/s5p6818-alv.o
 .bss           0x45101c40        0x0 .obj/source/hardware/s5p6818-clk.o
 .bss           0x45101c40   0x4b0058 .obj/source/hardware/s5p6818-fb.o
 .bss           0x455b1c98        0x0 .obj/source/hardware/s5p6818-gpio.o
 .bss           0x455b1c98      0x830 .obj/source/hardware/s5p6818-irq.o
 .bss           0x455b24c8        0x0 .obj/source/hardware/s5p6818-pwm.o
 .bss           0x455b24c8        0x0 .obj/source/hardware/s5p6818-rstcon.o
 .bss           0x455b24c8        0x0 .obj/source/hardware/s5p6818-serial-stdio.o
 .bss           0x455b24c8        0x0 .obj/source/hardware/s5p6818-serial.o
 .bss           0x455b24c8        0x4 .obj/source/hardware/s5p6818-tick-delay.o
 .bss           0x455b24cc        0x8 .obj/source/hardware/s5p6818-tick.o
                0x455b24cc                jiffies
 .bss           0x455b24d4        0x0 .obj/source/hardware/s5p6818-timer.o
 .bss           0x455b24d4        0x0 .obj/source/hardware/clk/clk-divider.o
 .bss           0x455b24d4        0x0 .obj/source/hardware/clk/clk-fixed-factor.o
 .bss           0x455b24d4        0x0 .obj/source/hardware/clk/clk-fixed.o
 .bss           0x455b24d4        0x0 .obj/source/hardware/clk/clk-gate.o
 .bss           0x455b24d4        0x0 .obj/source/hardware/clk/clk-link.o
 .bss           0x455b24d4        0x0 .obj/source/hardware/clk/clk-mux.o
 .bss           0x455b24d4        0x0 .obj/source/hardware/clk/clk-pll.o
 .bss           0x455b24d4        0x0 .obj/source/hardware/clk/clk.o
 .bss           0x455b24d4        0x0 .obj/source/hardware/gpio/gpio.o
 .bss           0x455b24d4        0x0 .obj/source/hardware/interrupt/interrupt.o
 .bss           0x455b24d4        0x0 .obj/source/hardware/pwm/pwm.o
 .bss           0x455b24d4        0x0 .obj/source/arm/cp15.o
 .bss           0x455b24d4        0x0 .obj/source/library/ctype/ctype.o
 .bss           0x455b24d4        0x0 .obj/source/library/ctype/isalnum.o
 .bss           0x455b24d4        0x0 .obj/source/library/ctype/isalpha.o
 .bss           0x455b24d4        0x0 .obj/source/library/ctype/isascii.o
 .bss           0x455b24d4        0x0 .obj/source/library/ctype/isblank.o
 .bss           0x455b24d4        0x0 .obj/source/library/ctype/iscntrl.o
 .bss           0x455b24d4        0x0 .obj/source/library/ctype/isdigit.o
 .bss           0x455b24d4        0x0 .obj/source/library/ctype/isgraph.o
 .bss           0x455b24d4        0x0 .obj/source/library/ctype/islower.o
 .bss           0x455b24d4        0x0 .obj/source/library/ctype/isprint.o
 .bss           0x455b24d4        0x0 .obj/source/library/ctype/ispunct.o
 .bss           0x455b24d4        0x0 .obj/source/library/ctype/isspace.o
 .bss           0x455b24d4        0x0 .obj/source/library/ctype/isupper.o
 .bss           0x455b24d4        0x0 .obj/source/library/ctype/isxdigit.o
 .bss           0x455b24d4        0x0 .obj/source/library/ctype/toascii.o
 .bss           0x455b24d4        0x0 .obj/source/library/ctype/tolower.o
 .bss           0x455b24d4        0x0 .obj/source/library/ctype/toupper.o
 .bss           0x455b24d4        0x4 .obj/source/library/errno/errno.o
 .bss           0x455b24d8        0x0 .obj/source/library/errno/strerror.o
 .bss           0x455b24d8        0x0 .obj/source/library/exit/abort.o
 .bss           0x455b24d8        0x0 .obj/source/library/exit/assert.o
 .bss           0x455b24d8        0x0 .obj/source/library/exit/exit.o
 .bss           0x455b24d8        0x4 .obj/source/library/malloc/malloc.o
 .bss           0x455b24dc        0x0 .obj/source/library/stdlib/abs.o
 .bss           0x455b24dc        0x0 .obj/source/library/stdlib/atof.o
 .bss           0x455b24dc        0x0 .obj/source/library/stdlib/atoi.o
 .bss           0x455b24dc        0x0 .obj/source/library/stdlib/atol.o
 .bss           0x455b24dc        0x0 .obj/source/library/stdlib/atoll.o
 .bss           0x455b24dc        0x0 .obj/source/library/stdlib/bsearch.o
 .bss           0x455b24dc        0x0 .obj/source/library/stdlib/div.o
 .bss           0x455b24dc        0x0 .obj/source/library/stdlib/labs.o
 .bss           0x455b24dc        0x0 .obj/source/library/stdlib/ldiv.o
 .bss           0x455b24dc        0x0 .obj/source/library/stdlib/llabs.o
 .bss           0x455b24dc        0x0 .obj/source/library/stdlib/lldiv.o
 .bss           0x455b24dc        0x0 .obj/source/library/stdlib/qsort.o
 *fill*         0x455b24dc        0x4 
 .bss           0x455b24e0        0x8 .obj/source/library/stdlib/rand.o
 .bss           0x455b24e8        0x0 .obj/source/library/stdlib/strntoimax.o
 .bss           0x455b24e8        0x0 .obj/source/library/stdlib/strntoumax.o
 .bss           0x455b24e8        0x0 .obj/source/library/stdlib/strtod.o
 .bss           0x455b24e8        0x0 .obj/source/library/stdlib/strtoimax.o
 .bss           0x455b24e8        0x0 .obj/source/library/stdlib/strtol.o
 .bss           0x455b24e8        0x0 .obj/source/library/stdlib/strtoll.o
 .bss           0x455b24e8        0x0 .obj/source/library/stdlib/strtoul.o
 .bss           0x455b24e8        0x0 .obj/source/library/stdlib/strtoull.o
 .bss           0x455b24e8        0x0 .obj/source/library/stdlib/strtoumax.o
 .bss           0x455b24e8        0x0 .obj/source/library/string/memchr.o
 .bss           0x455b24e8        0x0 .obj/source/library/string/memcmp.o
 .bss           0x455b24e8        0x0 .obj/source/library/string/memcpy.o
 .bss           0x455b24e8        0x0 .obj/source/library/string/memmove.o
 .bss           0x455b24e8        0x0 .obj/source/library/string/memscan.o
 .bss           0x455b24e8        0x0 .obj/source/library/string/memset.o
 .bss           0x455b24e8        0x0 .obj/source/library/string/strcasecmp.o
 .bss           0x455b24e8        0x0 .obj/source/library/string/strcat.o
 .bss           0x455b24e8        0x0 .obj/source/library/string/strchr.o
 .bss           0x455b24e8        0x0 .obj/source/library/string/strcmp.o
 .bss           0x455b24e8        0x0 .obj/source/library/string/strcoll.o
 .bss           0x455b24e8        0x0 .obj/source/library/string/strcpy.o
 .bss           0x455b24e8        0x0 .obj/source/library/string/strcspn.o
 .bss           0x455b24e8        0x0 .obj/source/library/string/strdup.o
 .bss           0x455b24e8        0x0 .obj/source/library/string/strlcat.o
 .bss           0x455b24e8        0x0 .obj/source/library/string/strlcpy.o
 .bss           0x455b24e8        0x0 .obj/source/library/string/strlen.o
 .bss           0x455b24e8        0x0 .obj/source/library/string/strncasecmp.o
 .bss           0x455b24e8        0x0 .obj/source/library/string/strncat.o
 .bss           0x455b24e8        0x0 .obj/source/library/string/strnchr.o
 .bss           0x455b24e8        0x0 .obj/source/library/string/strncmp.o
 .bss           0x455b24e8        0x0 .obj/source/library/string/strncpy.o
 .bss           0x455b24e8        0x0 .obj/source/library/string/strnicmp.o
 .bss           0x455b24e8        0x0 .obj/source/library/string/strnlen.o
 .bss           0x455b24e8        0x0 .obj/source/library/string/strnstr.o
 .bss           0x455b24e8        0x0 .obj/source/library/string/strpbrk.o
 .bss           0x455b24e8        0x0 .obj/source/library/string/strrchr.o
 .bss           0x455b24e8        0x0 .obj/source/library/string/strsep.o
 .bss           0x455b24e8        0x0 .obj/source/library/string/strspn.o
 .bss           0x455b24e8        0x0 .obj/source/library/string/strstr.o
 .bss           0x455b24e8        0x0 .obj/source/library/stdio/snprintf.o
 .bss           0x455b24e8        0x0 .obj/source/library/stdio/sprintf.o
 .bss           0x455b24e8        0x0 .obj/source/library/stdio/sscanf.o
 .bss           0x455b24e8        0x0 .obj/source/library/stdio/vsnprintf.o
 .bss           0x455b24e8        0x0 .obj/source/library/stdio/vsscanf.o
 .bss           0x455b24e8        0x0 .obj/source/library/math/acos.o
 .bss           0x455b24e8        0x0 .obj/source/library/math/acosf.o
 .bss           0x455b24e8        0x0 .obj/source/library/math/asin.o
 .bss           0x455b24e8        0x0 .obj/source/library/math/asinf.o
 .bss           0x455b24e8        0x0 .obj/source/library/math/atan.o
 .bss           0x455b24e8        0x0 .obj/source/library/math/atan2.o
 .bss           0x455b24e8        0x0 .obj/source/library/math/atan2f.o
[...]
rect_is_equal                                     .obj/source/graphic/rect.o
rect_union                                        .obj/source/graphic/rect.o
register_gpiochip                                 .obj/source/hardware/gpio/gpio.o
                                                  .obj/source/hardware/s5p6818-gpio.o
                                                  .obj/source/hardware/s5p6818-alv.o
register_pwm                                      .obj/source/hardware/pwm/pwm.o
                                                  .obj/source/hardware/s5p6818-pwm.o
request_irq                                       .obj/source/hardware/interrupt/interrupt.o
                                                  .obj/source/hardware/s5p6818-tick.o
                                                  .obj/source/tester-key-with-led.o
restore_core_regs                                 c:/yagarto-20121222/bin/../lib/gcc/arm-none-eabi/4.7.2\libgcc.a(libunwind.o)
                                                  c:/yagarto-20121222/bin/../lib/gcc/arm-none-eabi/4.7.2\libgcc.a(unwind-arm.o)
s5p6818_clk_exit                                  .obj/source/hardware/s5p6818-clk.o
s5p6818_clk_init                                  .obj/source/hardware/s5p6818-clk.o
                                                  .obj/source/main.o
s5p6818_fb_initial                                .obj/source/hardware/s5p6818-fb.o
                                                  .obj/source/main.o
s5p6818_gpiochip_alv_exit                         .obj/source/hardware/s5p6818-alv.o
s5p6818_gpiochip_alv_init                         .obj/source/hardware/s5p6818-alv.o
                                                  .obj/source/main.o
s5p6818_gpiochip_exit                             .obj/source/hardware/s5p6818-gpio.o
s5p6818_gpiochip_init                             .obj/source/hardware/s5p6818-gpio.o
                                                  .obj/source/main.o
s5p6818_ip_reset                                  .obj/source/hardware/s5p6818-rstcon.o
                                                  .obj/source/hardware/s5p6818-timer.o
                                                  .obj/source/hardware/s5p6818-serial.o
                                                  .obj/source/hardware/s5p6818-pwm.o
                                                  .obj/source/hardware/s5p6818-fb.o
                                                  .obj/source/hardware/s5p6818-clk.o
s5p6818_irq_exit                                  .obj/source/hardware/s5p6818-irq.o
s5p6818_irq_init                                  .obj/source/hardware/s5p6818-irq.o
                                                  .obj/source/main.o
s5p6818_pwm_exit                                  .obj/source/hardware/s5p6818-pwm.o
s5p6818_pwm_init                                  .obj/source/hardware/s5p6818-pwm.o
                                                  .obj/source/main.o
s5p6818_screen_backlight                          .obj/source/hardware/s5p6818-fb.o
s5p6818_screen_flush                              .obj/source/hardware/s5p6818-fb.o
s5p6818_screen_surface                            .obj/source/hardware/s5p6818-fb.o
s5p6818_screen_swap                               .obj/source/hardware/s5p6818-fb.o
s5p6818_serial_initial                            .obj/source/hardware/s5p6818-serial.o
                                                  .obj/source/main.o
s5p6818_serial_read                               .obj/source/hardware/s5p6818-serial.o
s5p6818_serial_setup                              .obj/source/hardware/s5p6818-serial.o
s5p6818_serial_write                              .obj/source/hardware/s5p6818-serial.o
s5p6818_serial_write_string                       .obj/source/hardware/s5p6818-serial.o
                                                  .obj/source/hardware/s5p6818-serial-stdio.o
s5p6818_tick_delay_initial                        .obj/source/hardware/s5p6818-tick-delay.o
                                                  .obj/source/main.o
s5p6818_tick_initial                              .obj/source/hardware/s5p6818-tick.o
                                                  .obj/source/main.o
s5p6818_timer_calc_tin                            .obj/source/hardware/s5p6818-timer.o
                                                  .obj/source/hardware/s5p6818-tick.o
s5p6818_timer_count                               .obj/source/hardware/s5p6818-timer.o
                                                  .obj/source/hardware/s5p6818-tick.o
s5p6818_timer_irq_clear                           .obj/source/hardware/s5p6818-timer.o
                                                  .obj/source/hardware/s5p6818-tick.o
s5p6818_timer_read                                .obj/source/hardware/s5p6818-timer.o
s5p6818_timer_reset                               .obj/source/hardware/s5p6818-timer.o
                                                  .obj/source/hardware/s5p6818-tick.o
s5p6818_timer_start                               .obj/source/hardware/s5p6818-timer.o
                                                  .obj/source/hardware/s5p6818-tick.o
s5p6818_timer_stop                                .obj/source/hardware/s5p6818-timer.o
                                                  .obj/source/hardware/s5p6818-tick.o
scalbn                                            .obj/source/library/math/scalbn.o
                                                  .obj/source/library/math/pow.o
                                                  .obj/source/library/math/k_rem_pio2.o
scalbnf                                           .obj/source/library/math/scalbnf.o
                                                  .obj/source/library/math/powf.o
                                                  .obj/source/library/math/k_rem_pio2f.o
search_gpiochip                                   .obj/source/hardware/gpio/gpio.o
                                                  .obj/source/hardware/s5p6818-gpio.o
search_pwm                                        .obj/source/hardware/pwm/pwm.o
                                                  .obj/source/hardware/s5p6818-pwm.o
                                                  .obj/source/hardware/s5p6818-fb.o
serial_printf                                     .obj/source/hardware/s5p6818-serial-stdio.o
set_pixel_info                                    .obj/source/graphic/pixel.o
                                                  .obj/source/graphic/surface.o
show_first_name_Lea                               .obj/source/tester-key-with-led.o
show_first_name_log                               .obj/source/tester-key-with-led.o
show_first_name_opt                               .obj/source/tester-key-with-led.o
show_first_name_req                               .obj/source/tester-key-with-led.o
show_first_name_sho                               .obj/source/tester-key-with-led.o
show_group_number                                 .obj/source/tester-key-with-led.o
sin                                               .obj/source/library/math/sin.o
sinf                                              .obj/source/library/math/sinf.o
sinh                                              .obj/source/library/math/sinh.o
sinhf                                             .obj/source/library/math/sinhf.o
smp_processor_id                                  .obj/source/arm/cp15.o
                                                  .obj/source/hardware/s5p6818-irq.o
snprintf                                          .obj/source/library/stdio/snprintf.o
sprintf                                           .obj/source/library/stdio/sprintf.o
sqrt                                              .obj/source/library/math/sqrt.o
sqrtf                                             .obj/source/library/math/sqrtf.o
srand                                             .obj/source/library/stdlib/rand.o
sscanf                                            .obj/source/library/stdio/sscanf.o
strcasecmp                                        .obj/source/library/string/strcasecmp.o
strcat                                            .obj/source/library/string/strcat.o
strchr                                            .obj/source/library/string/strchr.o
                                                  .obj/source/graphic/color.o
strcmp                                            .obj/source/arm/strcmp.o
                                                  .obj/source/graphic/color.o
                                                  .obj/source/library/string/strcoll.o
                                                  .obj/source/hardware/pwm/pwm.o
                                                  .obj/source/hardware/interrupt/interrupt.o
                                                  .obj/source/hardware/gpio/gpio.o
                                                  .obj/source/hardware/clk/clk.o
                                                  .obj/source/hardware/clk/clk-mux.o
                                                  .obj/source/hardware/s5p6818-clk.o
strcoll                                           .obj/source/library/string/strcoll.o
strcpy                                            .obj/source/library/string/strcpy.o
strcspn                                           .obj/source/library/string/strcspn.o
strdup                                            .obj/source/library/string/strdup.o
strerror                                          .obj/source/library/errno/strerror.o
strlcat                                           .obj/source/library/string/strlcat.o
strlcpy                                           .obj/source/library/string/strlcpy.o
strlen                                            .obj/source/library/string/strlen.o
                                                  .obj/source/library/stdio/vsnprintf.o
                                                  .obj/source/library/string/strstr.o
                                                  .obj/source/library/string/strrchr.o
                                                  .obj/source/library/string/strnstr.o
                                                  .obj/source/library/string/strlcpy.o
                                                  .obj/source/library/string/strlcat.o
                                                  .obj/source/library/string/strdup.o
                                                  .obj/source/hardware/s5p6818-serial.o
strncasecmp                                       .obj/source/library/string/strncasecmp.o
strncat                                           .obj/source/library/string/strncat.o
strnchr                                           .obj/source/library/string/strnchr.o
strncmp                                           .obj/source/arm/strncmp.o
strncpy                                           .obj/source/library/string/strncpy.o
strnicmp                                          .obj/source/library/string/strnicmp.o
strnlen                                           .obj/source/library/string/strnlen.o
strnstr                                           .obj/source/library/string/strnstr.o
strntoimax                                        .obj/source/library/stdlib/strntoimax.o
strntoumax                                        .obj/source/library/stdlib/strntoumax.o
                                                  .obj/source/library/stdio/vsscanf.o
                                                  .obj/source/library/stdlib/strntoimax.o
strpbrk                                           .obj/source/library/string/strpbrk.o
                                                  .obj/source/library/string/strsep.o
strrchr                                           .obj/source/library/string/strrchr.o
strsep                                            .obj/source/library/string/strsep.o
strspn                                            .obj/source/library/string/strspn.o
strstr                                            .obj/source/library/string/strstr.o
strtod                                            .obj/source/library/stdlib/strtod.o
                                                  .obj/source/library/stdlib/atof.o
strtoimax                                         .obj/source/library/stdlib/strtoimax.o
strtol                                            .obj/source/library/stdlib/strtol.o
                                                  .obj/source/library/stdlib/atol.o
                                                  .obj/source/library/stdlib/atoi.o
strtoll                                           .obj/source/library/stdlib/strtoll.o
                                                  .obj/source/library/stdlib/atoll.o
strtoul                                           .obj/source/library/stdlib/strtoul.o
                                                  .obj/source/graphic/color.o
strtoull                                          .obj/source/library/stdlib/strtoull.o
strtoumax                                         .obj/source/library/stdlib/strtoumax.o
surface_alloc                                     .obj/source/graphic/surface.o
                                                  .obj/source/graphic/maps/software/sw_scale.o
                                                  .obj/source/graphic/maps/software/sw_rotate.o
surface_alloc_from_gimage                         .obj/source/graphic/surface.o
surface_blit                                      .obj/source/graphic/surface.o
surface_fill                                      .obj/source/graphic/surface.o
surface_free                                      .obj/source/graphic/surface.o
                                                  .obj/source/graphic/maps/software/sw_scale.o
                                                  .obj/source/graphic/maps/software/sw_rotate.o
surface_get_clip_rect                             .obj/source/graphic/surface.o
surface_map_color                                 .obj/source/graphic/surface.o
surface_rotate                                    .obj/source/graphic/surface.o
surface_scale                                     .obj/source/graphic/surface.o
surface_set_clip_rect                             .obj/source/graphic/surface.o
surface_set_maps                                  .obj/source/graphic/maps.o
                                                  .obj/source/graphic/surface.o
                                                  .obj/source/hardware/s5p6818-fb.o
surface_sw_get_pixel                              .obj/source/graphic/maps/software/sw_utils.o
                                                  .obj/source/graphic/maps/software/sw_fill.o
                                                  .obj/source/graphic/maps/software/sw_blit_replace.o
                                                  .obj/source/graphic/maps/software/sw_blit_alpha.o
surface_sw_get_pointer                            .obj/source/graphic/maps/software/sw_utils.o
                                                  .obj/source/graphic/maps/software/sw_fill.o
                                                  .obj/source/graphic/maps/software/sw_blit_replace.o
surface_sw_set_pixel                              .obj/source/graphic/maps/software/sw_utils.o
                                                  .obj/source/graphic/maps/software/sw_point.o
                                                  .obj/source/graphic/maps/software/sw_fill.o
                                                  .obj/source/graphic/maps/software/sw_blit_replace.o
                                                  .obj/source/graphic/maps/software/sw_blit_alpha.o
surface_sw_set_pixel_with_alpha                   .obj/source/graphic/maps/software/sw_utils.o
                                                  .obj/source/graphic/maps/software/sw_point.o
surface_unmap_color                               .obj/source/graphic/surface.o
sw_blit_alpha                                     .obj/source/graphic/maps/software/sw_blit_alpha.o
                                                  .obj/source/graphic/maps/software/sw_blit.o
sw_blit_replace                                   .obj/source/graphic/maps/software/sw_blit_replace.o
                                                  .obj/source/graphic/maps/software/sw_blit.o
system_stage                                      .obj/source/tester-key-with-led.o
tan                                               .obj/source/library/math/tan.o
tanf                                              .obj/source/library/math/tanf.o
tanh                                              .obj/source/library/math/tanh.o
tanhf                                             .obj/source/library/math/tanhf.o
tester_key_led_beep                               .obj/source/tester-key-with-led.o
                                                  .obj/source/main.o
tester_reset                                      .obj/source/tester-key-with-led.o
tlb_invalidate                                    .obj/source/arm/cp15.o
toascii                                           .obj/source/library/ctype/toascii.o
tolower                                           .obj/source/library/ctype/tolower.o
                                                  .obj/source/library/string/strnicmp.o
                                                  .obj/source/library/string/strncasecmp.o
                                                  .obj/source/library/string/strcasecmp.o
toupper                                           .obj/source/library/ctype/toupper.o
ttb_get                                           .obj/source/arm/cp15.o
ttb_set                                           .obj/source/arm/cp15.o
udelay                                            .obj/source/hardware/s5p6818-tick-delay.o
unmap_pixel_color                                 .obj/source/graphic/pixel.o
                                                  .obj/source/graphic/maps/software/sw_utils.o
                                                  .obj/source/graphic/maps/software/sw_fill.o
                                                  .obj/source/graphic/maps/software/sw_blit_replace.o
                                                  .obj/source/graphic/maps/software/sw_blit_alpha.o
                                                  .obj/source/graphic/surface.o
unregister_gpiochip                               .obj/source/hardware/gpio/gpio.o
                                                  .obj/source/hardware/s5p6818-gpio.o
                                                  .obj/source/hardware/s5p6818-alv.o
unregister_pwm                                    .obj/source/hardware/pwm/pwm.o
                                                  .obj/source/hardware/s5p6818-pwm.o
vic_disable                                       .obj/source/arm/cp15.o
                                                  .obj/source/hardware/s5p6818-irq.o
vic_enable                                        .obj/source/arm/cp15.o
                                                  .obj/source/hardware/s5p6818-irq.o
vic_status                                        .obj/source/arm/cp15.o
vsnprintf                                         .obj/source/library/stdio/vsnprintf.o
                                                  .obj/source/library/stdio/sprintf.o
                                                  .obj/source/library/stdio/snprintf.o
                                                  .obj/source/hardware/s5p6818-serial-stdio.o
vsscanf                                           .obj/source/library/stdio/vsscanf.o
                                                  .obj/source/library/stdio/sscanf.o
wbuffer_disable                                   .obj/source/arm/cp15.o
wbuffer_enable                                    .obj/source/arm/cp15.o
wbuffer_status                                    .obj/source/arm/cp15.o
